Create a cheker for valid commands beffore forking
Other option is to raise handle errors of each child OK

math42@apolloII:~/pipex/proj$ < f_infile greep .c | wc -w > f_outfile2
Command 'greep' not found, did you mean:
  command 'greed' from deb greed (4.2-1)
  command 'grep' from deb grep (3.7-1build1)
Try: sudo apt install <deb name>

math42@apolloII:~/pipex/proj$ ./pipex f_infile "greep .c" "wc -w" f_outfile 
All files opened
FORK
Parent, closing fd[0][0]
Pid 0, reading from fd[0][0], writing on fd[1][1]
Child, closing fd[0][0]
Child, closing fd[1][0]
Child, closing fd[1][1]
Child, closing fd[0][1]
FORK
Parent, closing fd[1][0]
Parent, closing fd[1][1]
Pid 1, reading from fd[1][0], writing on fd[0][1]
Child, closing fd[1][0]
Child, closing fd[1][1]
Child, clos


Create a outfile in case of the given one did't exist

math42@apolloII:~/pipex/proj$ ./pipex f_infile "grep .c" "wc -w" f_outfile_not 
All files opened
FORK
Parent, closing fd[0][0]
Pid 0, reading from fd[0][0], writing on fd[1][1]
Child, closing fd[0][0]
Child, closing fd[1][0]
Child, closing fd[1][1]
Child, closing fd[0][1]
Error closing pipe list: Bad file descriptor
FORK
Parent, closing fd[1][0]
Parent, closing fd[1][1]
Pid 1, reading from fd[1][0], writing on fd[0][1]
Child, closing fd[1][0]
Child, closing fd[1][1]
Child, closing fd[0][1]
Error closing pipe list: Bad file descriptor
18
end
math42@apolloII:~/pipex/proj$ < f_infile grep .c | wc -w > f_outfile_not
math42@apolloII:~/pipex/proj$ 



Check for permissions  OK

math42@apolloII:~/pipex/proj$ < f_infile grep .c | wc -w > f_outfile2
bash: f_infile: Permission denied
math42@apolloII:~/pipex/proj$ ./pipex f_infile "grep .c" "wc -w" f_outfile
All files opened
FORK
Parent, closing fd[0][0]
Pid 0, reading from fd[0][0], writing on fd[1][1]
Child, closing fd[0][0]
Child, closing fd[1][0]
Child, closing fd[1][1]
Child, closing fd[0][1]
Error closing pipe list: Bad file descriptor
^C
math42@apolloII:~/pipex/proj$ ^C